// Jest Snapshot v1, https://goo.gl/fbAQLP

exports[`renders Manager who has reportees 1`] = `
<div>
  <div
    className="MainTabs-root-3"
  >
    <header
      className="MuiPaper-root-13 MuiPaper-elevation4-19 MuiAppBar-root-4 MuiAppBar-positionStatic-8 MuiAppBar-colorPrimary-11"
    >
      <div
        className="MuiTabs-root-40"
      >
        <div
          className="MuiTabs-flexContainer-41"
        >
          <div
            className="MuiTabs-scroller-43 MuiTabs-fixed-44"
            onScroll={[Function]}
            role="tablist"
            style={
              Object {
                "marginBottom": 0,
              }
            }
          >
            <div
              className="MuiTabs-flexContainer-41"
            >
              <button
                aria-selected={true}
                className="MuiButtonBase-root-61 MuiTab-root-49 MuiTab-textColorInherit-51 MuiTab-selected-54"
                disabled={false}
                onBlur={[Function]}
                onClick={[Function]}
                onContextMenu={[Function]}
                onFocus={[Function]}
                onKeyDown={[Function]}
                onKeyUp={[Function]}
                onMouseDown={[Function]}
                onMouseLeave={[Function]}
                onMouseUp={[Function]}
                onTouchEnd={[Function]}
                onTouchMove={[Function]}
                onTouchStart={[Function]}
                role="tab"
                tabIndex="0"
                type="button"
              >
                <span
                  className="MuiTab-wrapper-57"
                >
                  <span
                    className="MuiTab-labelContainer-58"
                  >
                    <span
                      className="MuiTab-label-59"
                    >
                      Reportees
                    </span>
                  </span>
                </span>
                <span
                  className="MuiTouchRipple-root-118"
                />
              </button>
              <button
                aria-selected={false}
                className="MuiButtonBase-root-61 MuiTab-root-49 MuiTab-textColorInherit-51"
                disabled={false}
                onBlur={[Function]}
                onClick={[Function]}
                onContextMenu={[Function]}
                onFocus={[Function]}
                onKeyDown={[Function]}
                onKeyUp={[Function]}
                onMouseDown={[Function]}
                onMouseLeave={[Function]}
                onMouseUp={[Function]}
                onTouchEnd={[Function]}
                onTouchMove={[Function]}
                onTouchStart={[Function]}
                role="tab"
                tabIndex="0"
                type="button"
              >
                <span
                  className="MuiTab-wrapper-57"
                >
                  <span
                    className="MuiTab-labelContainer-58"
                  >
                    <span
                      className="MuiTab-label-59"
                    >
                      Teams
                    </span>
                  </span>
                </span>
                <span
                  className="MuiTouchRipple-root-118"
                />
              </button>
              <button
                aria-selected={false}
                className="MuiButtonBase-root-61 MuiTab-root-49 MuiTab-textColorInherit-51"
                disabled={false}
                onBlur={[Function]}
                onClick={[Function]}
                onContextMenu={[Function]}
                onFocus={[Function]}
                onKeyDown={[Function]}
                onKeyUp={[Function]}
                onMouseDown={[Function]}
                onMouseLeave={[Function]}
                onMouseUp={[Function]}
                onTouchEnd={[Function]}
                onTouchMove={[Function]}
                onTouchStart={[Function]}
                role="tab"
                tabIndex="0"
                type="button"
              >
                <span
                  className="MuiTab-wrapper-57"
                >
                  <span
                    className="MuiTab-labelContainer-58"
                  >
                    <span
                      className="MuiTab-label-59"
                    >
                      Components
                    </span>
                  </span>
                </span>
                <span
                  className="MuiTouchRipple-root-118"
                />
              </button>
            </div>
            <span
              className="MuiPrivateTabIndicator-root-64 MuiPrivateTabIndicator-colorSecondary-66 MuiTabs-indicator-48"
              style={
                Object {
                  "left": 0,
                  "width": 0,
                }
              }
            />
          </div>
        </div>
      </div>
    </header>
    <h2>
      Manager
    </h2>
    <div
      className="MuiTypography-root-67 MuiTypography-body1-76"
      style={
        Object {
          "padding": 24,
        }
      }
    >
      <div
        className="Reportees-root-103"
      >
        <div
          height="1rem"
        >
           
        </div>
        <div
          className="Reportees-person-106"
        >
          <div
            className="DrilldownIcon-svgWrapper-107"
            name="manager@mozilla.com"
            onClick={[Function]}
            onKeyPress={[Function]}
            role="button"
            tabIndex="0"
          >
            <svg
              aria-hidden="true"
              className="MuiSvgIcon-root-109 DrilldownIcon-icon-108"
              focusable="false"
              role="presentation"
              viewBox="0 0 24 24"
            >
              <path
                d="M16.59 8.59L12 13.17 7.41 8.59 6 10l6 6 6-6z"
              />
              <path
                d="M0 0h24v24H0z"
                fill="none"
              />
            </svg>
          </div>
          <span>
            Manager 
          </span>
        </div>
        <div
          className="Reportees-person-106"
        >
          <div
            className="DrilldownIcon-svgWrapper-107"
            name="someone@mozilla.com"
            onClick={[Function]}
            onKeyPress={[Function]}
            role="button"
            tabIndex="0"
          >
            <svg
              aria-hidden="true"
              className="MuiSvgIcon-root-109 DrilldownIcon-icon-108"
              focusable="false"
              role="presentation"
              viewBox="0 0 24 24"
            >
              <path
                d="M16.59 8.59L12 13.17 7.41 8.59 6 10l6 6 6-6z"
              />
              <path
                d="M0 0h24v24H0z"
                fill="none"
              />
            </svg>
          </div>
          <span>
            Someone 
          </span>
        </div>
      </div>
    </div>
  </div>
</div>
`;

exports[`renders Manager who has reportees and teams 1`] = `
<div>
  <div
    className="MainTabs-root-3"
  >
    <header
      className="MuiPaper-root-13 MuiPaper-elevation4-19 MuiAppBar-root-4 MuiAppBar-positionStatic-8 MuiAppBar-colorPrimary-11"
    >
      <div
        className="MuiTabs-root-40"
      >
        <div
          className="MuiTabs-flexContainer-41"
        >
          <div
            className="MuiTabs-scroller-43 MuiTabs-fixed-44"
            onScroll={[Function]}
            role="tablist"
            style={
              Object {
                "marginBottom": 0,
              }
            }
          >
            <div
              className="MuiTabs-flexContainer-41"
            >
              <button
                aria-selected={true}
                className="MuiButtonBase-root-61 MuiTab-root-49 MuiTab-textColorInherit-51 MuiTab-selected-54"
                disabled={false}
                onBlur={[Function]}
                onClick={[Function]}
                onContextMenu={[Function]}
                onFocus={[Function]}
                onKeyDown={[Function]}
                onKeyUp={[Function]}
                onMouseDown={[Function]}
                onMouseLeave={[Function]}
                onMouseUp={[Function]}
                onTouchEnd={[Function]}
                onTouchMove={[Function]}
                onTouchStart={[Function]}
                role="tab"
                tabIndex="0"
                type="button"
              >
                <span
                  className="MuiTab-wrapper-57"
                >
                  <span
                    className="MuiTab-labelContainer-58"
                  >
                    <span
                      className="MuiTab-label-59"
                    >
                      Reportees
                    </span>
                  </span>
                </span>
                <span
                  className="MuiTouchRipple-root-118"
                />
              </button>
              <button
                aria-selected={false}
                className="MuiButtonBase-root-61 MuiTab-root-49 MuiTab-textColorInherit-51"
                disabled={false}
                onBlur={[Function]}
                onClick={[Function]}
                onContextMenu={[Function]}
                onFocus={[Function]}
                onKeyDown={[Function]}
                onKeyUp={[Function]}
                onMouseDown={[Function]}
                onMouseLeave={[Function]}
                onMouseUp={[Function]}
                onTouchEnd={[Function]}
                onTouchMove={[Function]}
                onTouchStart={[Function]}
                role="tab"
                tabIndex="0"
                type="button"
              >
                <span
                  className="MuiTab-wrapper-57"
                >
                  <span
                    className="MuiTab-labelContainer-58"
                  >
                    <span
                      className="MuiTab-label-59"
                    >
                      Teams
                    </span>
                  </span>
                </span>
                <span
                  className="MuiTouchRipple-root-118"
                />
              </button>
              <button
                aria-selected={false}
                className="MuiButtonBase-root-61 MuiTab-root-49 MuiTab-textColorInherit-51"
                disabled={false}
                onBlur={[Function]}
                onClick={[Function]}
                onContextMenu={[Function]}
                onFocus={[Function]}
                onKeyDown={[Function]}
                onKeyUp={[Function]}
                onMouseDown={[Function]}
                onMouseLeave={[Function]}
                onMouseUp={[Function]}
                onTouchEnd={[Function]}
                onTouchMove={[Function]}
                onTouchStart={[Function]}
                role="tab"
                tabIndex="0"
                type="button"
              >
                <span
                  className="MuiTab-wrapper-57"
                >
                  <span
                    className="MuiTab-labelContainer-58"
                  >
                    <span
                      className="MuiTab-label-59"
                    >
                      Components
                    </span>
                  </span>
                </span>
                <span
                  className="MuiTouchRipple-root-118"
                />
              </button>
            </div>
            <span
              className="MuiPrivateTabIndicator-root-64 MuiPrivateTabIndicator-colorSecondary-66 MuiTabs-indicator-48"
              style={
                Object {
                  "left": 0,
                  "width": 0,
                }
              }
            />
          </div>
        </div>
      </div>
    </header>
    <h2>
      Manager
    </h2>
    <div
      className="MuiTypography-root-67 MuiTypography-body1-76"
      style={
        Object {
          "padding": 24,
        }
      }
    >
      <div
        className="Reportees-root-103"
      >
        <div
          height="1rem"
        >
           
        </div>
        <div
          className="Reportees-person-106"
        >
          <div
            className="DrilldownIcon-svgWrapper-107"
            name="manager@mozilla.com"
            onClick={[Function]}
            onKeyPress={[Function]}
            role="button"
            tabIndex="0"
          >
            <svg
              aria-hidden="true"
              className="MuiSvgIcon-root-109 DrilldownIcon-icon-108"
              focusable="false"
              role="presentation"
              viewBox="0 0 24 24"
            >
              <path
                d="M16.59 8.59L12 13.17 7.41 8.59 6 10l6 6 6-6z"
              />
              <path
                d="M0 0h24v24H0z"
                fill="none"
              />
            </svg>
          </div>
          <span>
            Manager 
          </span>
        </div>
        <div
          className="Reportees-person-106"
        >
          <div
            className="DrilldownIcon-svgWrapper-107"
            name="someone@mozilla.com"
            onClick={[Function]}
            onKeyPress={[Function]}
            role="button"
            tabIndex="0"
          >
            <svg
              aria-hidden="true"
              className="MuiSvgIcon-root-109 DrilldownIcon-icon-108"
              focusable="false"
              role="presentation"
              viewBox="0 0 24 24"
            >
              <path
                d="M16.59 8.59L12 13.17 7.41 8.59 6 10l6 6 6-6z"
              />
              <path
                d="M0 0h24v24H0z"
                fill="none"
              />
            </svg>
          </div>
          <span>
            Someone 
          </span>
        </div>
      </div>
    </div>
  </div>
</div>
`;

exports[`renders Someone with no reportees 1`] = `
<div>
  <div
    className="MainTabs-root-3"
  >
    <header
      className="MuiPaper-root-13 MuiPaper-elevation4-19 MuiAppBar-root-4 MuiAppBar-positionStatic-8 MuiAppBar-colorPrimary-11"
    >
      <div
        className="MuiTabs-root-40"
      >
        <div
          className="MuiTabs-flexContainer-41"
        >
          <div
            className="MuiTabs-scroller-43 MuiTabs-fixed-44"
            onScroll={[Function]}
            role="tablist"
            style={
              Object {
                "marginBottom": 0,
              }
            }
          >
            <div
              className="MuiTabs-flexContainer-41"
            >
              <button
                aria-selected={true}
                className="MuiButtonBase-root-61 MuiTab-root-49 MuiTab-textColorInherit-51 MuiTab-selected-54"
                disabled={false}
                onBlur={[Function]}
                onClick={[Function]}
                onContextMenu={[Function]}
                onFocus={[Function]}
                onKeyDown={[Function]}
                onKeyUp={[Function]}
                onMouseDown={[Function]}
                onMouseLeave={[Function]}
                onMouseUp={[Function]}
                onTouchEnd={[Function]}
                onTouchMove={[Function]}
                onTouchStart={[Function]}
                role="tab"
                tabIndex="0"
                type="button"
              >
                <span
                  className="MuiTab-wrapper-57"
                >
                  <span
                    className="MuiTab-labelContainer-58"
                  >
                    <span
                      className="MuiTab-label-59"
                    >
                      Reportees
                    </span>
                  </span>
                </span>
                <span
                  className="MuiTouchRipple-root-118"
                />
              </button>
              <button
                aria-selected={false}
                className="MuiButtonBase-root-61 MuiTab-root-49 MuiTab-textColorInherit-51"
                disabled={false}
                onBlur={[Function]}
                onClick={[Function]}
                onContextMenu={[Function]}
                onFocus={[Function]}
                onKeyDown={[Function]}
                onKeyUp={[Function]}
                onMouseDown={[Function]}
                onMouseLeave={[Function]}
                onMouseUp={[Function]}
                onTouchEnd={[Function]}
                onTouchMove={[Function]}
                onTouchStart={[Function]}
                role="tab"
                tabIndex="0"
                type="button"
              >
                <span
                  className="MuiTab-wrapper-57"
                >
                  <span
                    className="MuiTab-labelContainer-58"
                  >
                    <span
                      className="MuiTab-label-59"
                    >
                      Teams
                    </span>
                  </span>
                </span>
                <span
                  className="MuiTouchRipple-root-118"
                />
              </button>
              <button
                aria-selected={false}
                className="MuiButtonBase-root-61 MuiTab-root-49 MuiTab-textColorInherit-51"
                disabled={false}
                onBlur={[Function]}
                onClick={[Function]}
                onContextMenu={[Function]}
                onFocus={[Function]}
                onKeyDown={[Function]}
                onKeyUp={[Function]}
                onMouseDown={[Function]}
                onMouseLeave={[Function]}
                onMouseUp={[Function]}
                onTouchEnd={[Function]}
                onTouchMove={[Function]}
                onTouchStart={[Function]}
                role="tab"
                tabIndex="0"
                type="button"
              >
                <span
                  className="MuiTab-wrapper-57"
                >
                  <span
                    className="MuiTab-labelContainer-58"
                  >
                    <span
                      className="MuiTab-label-59"
                    >
                      Components
                    </span>
                  </span>
                </span>
                <span
                  className="MuiTouchRipple-root-118"
                />
              </button>
            </div>
            <span
              className="MuiPrivateTabIndicator-root-64 MuiPrivateTabIndicator-colorSecondary-66 MuiTabs-indicator-48"
              style={
                Object {
                  "left": 0,
                  "width": 0,
                }
              }
            />
          </div>
        </div>
      </div>
    </header>
    <h2>
      Someone
    </h2>
    <div
      className="MuiTypography-root-67 MuiTypography-body1-76"
      style={
        Object {
          "padding": 24,
        }
      }
    >
      <div
        className="Reportees-root-103"
      >
        <div
          height="1rem"
        >
           
        </div>
        <div
          className="Reportees-person-106"
        >
          <div
            className="DrilldownIcon-svgWrapper-107"
            name="manager@mozilla.com"
            onClick={[Function]}
            onKeyPress={[Function]}
            role="button"
            tabIndex="0"
          >
            <svg
              aria-hidden="true"
              className="MuiSvgIcon-root-109 DrilldownIcon-icon-108"
              focusable="false"
              role="presentation"
              viewBox="0 0 24 24"
            >
              <path
                d="M16.59 8.59L12 13.17 7.41 8.59 6 10l6 6 6-6z"
              />
              <path
                d="M0 0h24v24H0z"
                fill="none"
              />
            </svg>
          </div>
          <span>
            Manager 
          </span>
        </div>
        <div
          className="Reportees-person-106"
        >
          <div
            className="DrilldownIcon-svgWrapper-107"
            name="someone@mozilla.com"
            onClick={[Function]}
            onKeyPress={[Function]}
            role="button"
            tabIndex="0"
          >
            <svg
              aria-hidden="true"
              className="MuiSvgIcon-root-109 DrilldownIcon-icon-108"
              focusable="false"
              role="presentation"
              viewBox="0 0 24 24"
            >
              <path
                d="M16.59 8.59L12 13.17 7.41 8.59 6 10l6 6 6-6z"
              />
              <path
                d="M0 0h24v24H0z"
                fill="none"
              />
            </svg>
          </div>
          <span>
            Someone 
          </span>
        </div>
      </div>
    </div>
  </div>
</div>
`;
