// Jest Snapshot v1, https://goo.gl/fbAQLP

exports[`renders Manager who has reportees 1`] = `
<div>
  <h3
    className="MainView-header-1"
  >
    Manager
  </h3>
  <div
    style={
      Object {
        "display": "flex",
      }
    }
  >
    <div>
      <h4
        className="Reportees-header-2"
      >
        Reportees
      </h4>
      <div>
        <span>
          Manager 
        </span>
      </div>
      <div>
        <span>
          Someone 
        </span>
      </div>
    </div>
    <div>
      <h4
        className="MainView-header-1"
      >
        Components
      </h4>
      <div
        style={
          Object {
            "display": "flex",
            "justifyContent": "space-between",
          }
        }
      >
        <div
          className="BugzillaComponentSummary-root-3"
        >
          <span
            className="BugzillaComponentSummary-componentText-4"
          >
            Core::DOM: Core & HTML
          </span>
          <a
            alt="Number of untriaged bugs"
            href="https://bugzilla.mozilla.org/buglist.cgi?component=DOM%3A%20Core%20%26%20HTML&f1=bug_severity&f2=keywords&f3=resolution&limit=0&o1=notequals&o2=notsubstring&o3=isempty&product=Core&v1=enhancement&v2=meta"
          >
            944
          </a>
        </div>
      </div>
      <div
        style={
          Object {
            "display": "flex",
            "justifyContent": "space-between",
          }
        }
      >
        <div
          className="BugzillaComponentSummary-root-3"
        >
          <span
            className="BugzillaComponentSummary-componentText-4"
          >
            Core::DOM: IndexedDB
          </span>
        </div>
      </div>
      <div
        style={
          Object {
            "display": "flex",
            "justifyContent": "space-between",
          }
        }
      >
        <div
          className="BugzillaComponentSummary-root-3"
        >
          <span
            className="BugzillaComponentSummary-componentText-4"
          >
            Core::JavaScript Engine
          </span>
        </div>
      </div>
      <div
        style={
          Object {
            "display": "flex",
            "justifyContent": "space-between",
          }
        }
      >
        <div
          className="BugzillaComponentSummary-root-3"
        >
          <span
            className="BugzillaComponentSummary-componentText-4"
          >
            Toolkit::Async Tooling
          </span>
        </div>
      </div>
    </div>
  </div>
</div>
`;

exports[`renders Someone with no reportees 1`] = `
<div>
  <h3
    className="MainView-header-1"
  >
    Someone
  </h3>
  <div
    style={
      Object {
        "display": "flex",
      }
    }
  >
    <div>
      <h4
        className="Reportees-header-2"
      >
        Reportees
      </h4>
      <div>
        <span>
          Manager 
        </span>
      </div>
      <div>
        <span>
          Someone 
        </span>
      </div>
    </div>
    <div>
      <h4
        className="MainView-header-1"
      >
        Components
      </h4>
      <div
        style={
          Object {
            "display": "flex",
            "justifyContent": "space-between",
          }
        }
      >
        <div
          className="BugzillaComponentSummary-root-3"
        >
          <span
            className="BugzillaComponentSummary-componentText-4"
          >
            Core::DOM: Core & HTML
          </span>
          <a
            alt="Number of untriaged bugs"
            href="https://bugzilla.mozilla.org/buglist.cgi?component=DOM%3A%20Core%20%26%20HTML&f1=bug_severity&f2=keywords&f3=resolution&limit=0&o1=notequals&o2=notsubstring&o3=isempty&product=Core&v1=enhancement&v2=meta"
          >
            944
          </a>
        </div>
      </div>
      <div
        style={
          Object {
            "display": "flex",
            "justifyContent": "space-between",
          }
        }
      >
        <div
          className="BugzillaComponentSummary-root-3"
        >
          <span
            className="BugzillaComponentSummary-componentText-4"
          >
            Core::DOM: IndexedDB
          </span>
        </div>
      </div>
      <div
        style={
          Object {
            "display": "flex",
            "justifyContent": "space-between",
          }
        }
      >
        <div
          className="BugzillaComponentSummary-root-3"
        >
          <span
            className="BugzillaComponentSummary-componentText-4"
          >
            Core::JavaScript Engine
          </span>
        </div>
      </div>
      <div
        style={
          Object {
            "display": "flex",
            "justifyContent": "space-between",
          }
        }
      >
        <div
          className="BugzillaComponentSummary-root-3"
        >
          <span
            className="BugzillaComponentSummary-componentText-4"
          >
            Toolkit::Async Tooling
          </span>
        </div>
      </div>
    </div>
  </div>
</div>
`;
